yarn run v1.22.19
$ next build
